// Jest Snapshot v1, https://goo.gl/fbAQLP

exports[`AvatarHeader Test [Hacktoberfest] -Snapshot AvatarHeader 1`] = `
<View
  style={
    Object {
      "flex": 1,
    }
  }
>
  <View
    style={
      Object {
        "backgroundColor": undefined,
        "height": 75,
      }
    }
  >
    <View
      style={
        Array [
          Object {
            "alignItems": "center",
            "flexDirection": "row",
            "justifyContent": "space-between",
            "paddingHorizontal": 24,
            "paddingTop": 35,
            "width": "100%",
          },
          Object {
            "backgroundColor": undefined,
          },
        ]
      }
    >
      <View
        style={
          Object {
            "alignItems": "center",
            "flexDirection": "row",
          }
        }
      >
        <View
          accessible={true}
          focusable={false}
          hitSlop={
            Object {
              "bottom": 15,
              "left": 15,
              "right": 15,
              "top": 15,
            }
          }
          onClick={[Function]}
          onResponderGrant={[Function]}
          onResponderMove={[Function]}
          onResponderRelease={[Function]}
          onResponderTerminate={[Function]}
          onResponderTerminationRequest={[Function]}
          onStartShouldSetResponder={[Function]}
          style={
            Object {
              "flex": 1,
              "opacity": 1,
            }
          }
        />
        <View
          style={
            Object {
              "alignItems": "center",
              "flex": 8,
              "flexDirection": "row",
              "marginRight": 24,
            }
          }
        >
          <Image
            source={
              Object {
                "uri": "",
              }
            }
            style={
              Object {
                "borderRadius": 8,
                "height": 32,
                "opacity": 0,
                "width": 32,
              }
            }
          />
          <Text
            numberOfLines={1}
            style={
              Object {
                "color": "white",
                "fontSize": 16,
                "lineHeight": 20,
                "marginLeft": 12,
                "marginRight": 12,
                "opacity": 0,
              }
            }
          />
        </View>
        <View
          accessible={true}
          focusable={false}
          hitSlop={
            Object {
              "bottom": 15,
              "left": 15,
              "right": 15,
              "top": 15,
            }
          }
          onClick={[Function]}
          onResponderGrant={[Function]}
          onResponderMove={[Function]}
          onResponderRelease={[Function]}
          onResponderTerminate={[Function]}
          onResponderTerminationRequest={[Function]}
          onStartShouldSetResponder={[Function]}
          style={
            Object {
              "alignItems": "flex-end",
              "flex": 1,
              "opacity": 1,
            }
          }
        />
      </View>
    </View>
  </View>
  <RCTScrollView
    bounces={true}
    bouncesZoom={true}
    contentContainerStyle={
      Object {
        "minHeight": 1966.02,
      }
    }
    decelerationRate="fast"
    forwardedRef={[Function]}
    nestedScrollEnabled={true}
    onScroll={[Function]}
    onScrollEndDrag={[Function]}
    overScrollMode="never"
    scrollEventThrottle={1}
    showsVerticalScrollIndicator={false}
    stickyHeaderIndices={Array []}
    style={Object {}}
  >
    <View>
      <View
        onLayout={[Function]}
        style={
          Object {
            "height": 707.02,
          }
        }
      >
        <View
          style={
            Array [
              Object {
                "height": 300,
                "left": 0,
                "overflow": "scroll",
                "position": "absolute",
                "right": 0,
                "top": -300,
              },
              Object {
                "backgroundColor": undefined,
              },
              Object {
                "backgroundColor": undefined,
              },
            ]
          }
        />
        <View
          style={
            Array [
              Object {
                "justifyContent": "flex-end",
                "left": 0,
                "marginBottom": 5,
                "paddingBottom": 3,
                "position": "absolute",
                "top": 0,
                "width": 750.5,
              },
              Object {
                "height": 707.02,
              },
            ]
          }
        >
          <View
            style={
              Object {
                "backgroundColor": undefined,
                "borderBottomRightRadius": 80,
                "height": "100%",
                "justifyContent": "flex-end",
                "width": "100%",
              }
            }
          />
        </View>
        <View
          style={
            Object {
              "backgroundColor": undefined,
              "height": 707.02,
            }
          }
        >
          <View
            style={
              Object {
                "flex": 1,
                "justifyContent": "flex-end",
                "paddingHorizontal": 24,
              }
            }
          >
            <View
              style={
                Object {
                  "opacity": 1,
                }
              }
            >
              <Image
                source={
                  Object {
                    "uri": "",
                  }
                }
                style={
                  Object {
                    "borderRadius": 33.75,
                    "height": 135,
                    "width": 135,
                  }
                }
              />
            </View>
            <View
              style={
                Object {
                  "marginTop": 12,
                  "opacity": 1,
                  "paddingBottom": 8,
                  "paddingTop": 24,
                }
              }
            >
              <Text
                numberOfLines={2}
                style={
                  Array [
                    Object {
                      "color": "white",
                      "fontSize": 75,
                      "letterSpacing": -1,
                      "lineHeight": 90,
                    },
                    Object {
                      "flexGrow": 1,
                      "paddingRight": 12,
                    },
                  ]
                }
              />
            </View>
            <View
              style={
                Object {
                  "flexDirection": "row",
                  "marginBottom": 16,
                  "opacity": 1,
                }
              }
            >
              <Text
                style={
                  Object {
                    "color": "white",
                    "flexGrow": 1,
                    "fontSize": 17,
                    "lineHeight": 24,
                  }
                }
              />
            </View>
          </View>
        </View>
      </View>
      <View
        onLayout={[Function]}
        style={
          Object {
            "flex": 1,
          }
        }
      >
        <RCTScrollView
          alwaysBounceVertical={false}
          automaticallyAdjustContentInsets={false}
          contentContainerStyle={
            Object {
              "minHeight": 551.98,
            }
          }
          contentOffset={
            Object {
              "x": 0,
              "y": 0,
            }
          }
          directionalLockEnabled={true}
          forwardedRef={[Function]}
          horizontal={true}
          keyboardDismissMode="on-drag"
          onMomentumScrollEnd={[Function]}
          onScroll={[Function]}
          pagingEnabled={true}
          scrollEnabled={true}
          scrollEventThrottle={16}
          scrollsToTop={false}
          showsHorizontalScrollIndicator={false}
          style={Object {}}
        >
          <View />
        </RCTScrollView>
      </View>
    </View>
  </RCTScrollView>
</View>
`;
